{
  "batches_applied": 14005.058823529413,
  "consumed_rate_eps": 2987.71,
  "cpu_cores_by_container": {
    "sf-bench-replayer": 0.07,
    "streamforge-kafka-1": 0.16,
    "streamforge-postgres-1": 0.2,
    "streamforge-prometheus-1": 0,
    "streamforge-redis-1": 0.01,
    "streamforge-server-1": 0,
    "streamforge-storenode1-1": 0.09,
    "streamforge-storenode2-1": 0.1,
    "streamforge-storenode3-1": 0.09,
    "streamforge-storenode4-1": 0.1,
    "streamforge-storenode5-1": 0.24,
    "streamforge-tools-run-2e9822ecf29a": 0,
    "streamforge-worker1-1": 0.11,
    "streamforge-worker2-1": 0.1
  },
  "cpu_cores_total": 1.27,
  "feature_rows_committed": 495670.23529411765,
  "freshness_p50_ms": 15.96,
  "freshness_p99_ms": 65.99,
  "host_cpus": 2,
  "label": "tlc-compressed-3000",
  "lag_first": 0,
  "lag_intercept": 1.5,
  "lag_last": 0,
  "lag_max": 8,
  "lag_slope_eps": -0.02,
  "late_dropped_total": 262,
  "offered_rate_eps": 3000,
  "propose_rtt_p99_ms": 21.13,
  "published_events": 270747,
  "published_rate_eps": 2998.88,
  "quantile_note": "Prometheus histogram_quantile over the window: linear interpolation inside exponential buckets (0.25 ms x 2^k), so values are bucket-resolution estimates.",
  "raft_commit_p50_ms": 3.85,
  "raft_commit_p99_ms": 15.02,
  "raft_persist_p99_ms": 5.41,
  "raft_proposals_committed": 14011.411764705883,
  "source": "tlc",
  "started": "2026-10-05T07:07:25Z",
  "sustained": true,
  "window_s": 90.28
}
