{
  "batches_applied": 6.352941176470589,
  "consumed_rate_eps": 99743.36,
  "cpu_cores_by_container": {
    "sf-bench-replayer": 0.25,
    "streamforge-kafka-1": 0.28,
    "streamforge-postgres-1": 0,
    "streamforge-prometheus-1": 0,
    "streamforge-redis-1": 0,
    "streamforge-server-1": 0,
    "streamforge-storenode1-1": 0.03,
    "streamforge-storenode2-1": 0.02,
    "streamforge-storenode3-1": 0.02,
    "streamforge-storenode4-1": 0.02,
    "streamforge-storenode5-1": 0.02,
    "streamforge-tools-run-42fff1462617": 0,
    "streamforge-worker1-1": 0.13,
    "streamforge-worker2-1": 0.11
  },
  "cpu_cores_total": 0.86,
  "feature_rows_committed": 278.47058823529414,
  "freshness_p50_ms": 24.24,
  "freshness_p99_ms": 62.22,
  "host_cpus": 2,
  "label": "ingest-ramp-100000",
  "lag_first": 0,
  "lag_intercept": 28.26,
  "lag_last": 0,
  "lag_max": 343,
  "lag_slope_eps": -0.21,
  "late_dropped_total": 7554,
  "offered_rate_eps": 100000,
  "propose_rtt_p99_ms": 31.04,
  "published_events": 9021589,
  "published_rate_eps": 99984.03,
  "quantile_note": "Prometheus histogram_quantile over the window: linear interpolation inside exponential buckets (0.25 ms x 2^k), so values are bucket-resolution estimates.",
  "raft_commit_p50_ms": 8,
  "raft_commit_p99_ms": 15.84,
  "raft_persist_p99_ms": 7.59,
  "raft_proposals_committed": 6.352941176470589,
  "source": "synthetic",
  "started": "2026-10-05T07:43:58Z",
  "sustained": true,
  "window_s": 90.23
}
