{
  "batches_applied": 21209.29411764706,
  "consumed_rate_eps": 7993,
  "cpu_cores_by_container": {
    "sf-bench-replayer": 0.07,
    "streamforge-kafka-1": 0.16,
    "streamforge-postgres-1": 0.47,
    "streamforge-prometheus-1": 0,
    "streamforge-redis-1": 0.01,
    "streamforge-server-1": 0,
    "streamforge-storenode1-1": 0.33,
    "streamforge-storenode2-1": 0.13,
    "streamforge-storenode3-1": 0.13,
    "streamforge-storenode4-1": 0.13,
    "streamforge-storenode5-1": 0.13,
    "streamforge-tools-run-99c6ddd7de1f": 0,
    "streamforge-worker1-1": 0.14,
    "streamforge-worker2-1": 0.14
  },
  "cpu_cores_total": 1.83,
  "feature_rows_committed": 1344058.9411764706,
  "freshness_p50_ms": 30.06,
  "freshness_p99_ms": 124.29,
  "host_cpus": 2,
  "label": "tlc-compressed-8000",
  "lag_first": 0,
  "lag_intercept": 5.11,
  "lag_last": 0,
  "lag_max": 26,
  "lag_slope_eps": -0.06,
  "late_dropped_total": 649,
  "offered_rate_eps": 8000,
  "propose_rtt_p99_ms": 30.67,
  "published_events": 721999,
  "published_rate_eps": 7998.92,
  "quantile_note": "Prometheus histogram_quantile over the window: linear interpolation inside exponential buckets (0.25 ms x 2^k), so values are bucket-resolution estimates.",
  "raft_commit_p50_ms": 4.05,
  "raft_commit_p99_ms": 22.02,
  "raft_persist_p99_ms": 7.9,
  "raft_proposals_committed": 21034.588235294123,
  "source": "tlc",
  "started": "2026-10-05T07:10:28Z",
  "sustained": true,
  "window_s": 90.26
}
