{
  "batches_applied": 6.352941176470589,
  "consumed_rate_eps": 249415.27,
  "cpu_cores_by_container": {
    "sf-bench-replayer": 0.32,
    "streamforge-kafka-1": 0.32,
    "streamforge-postgres-1": 0,
    "streamforge-prometheus-1": 0,
    "streamforge-redis-1": 0,
    "streamforge-server-1": 0,
    "streamforge-storenode1-1": 0.01,
    "streamforge-storenode2-1": 0.01,
    "streamforge-storenode3-1": 0.03,
    "streamforge-storenode4-1": 0.02,
    "streamforge-storenode5-1": 0.02,
    "streamforge-tools-run-118d5d769e66": 0,
    "streamforge-worker1-1": 0.17,
    "streamforge-worker2-1": 0.13
  },
  "cpu_cores_total": 1.03,
  "feature_rows_committed": 278.47058823529414,
  "freshness_p50_ms": 25.65,
  "freshness_p99_ms": 62.86,
  "host_cpus": 2,
  "label": "ingest-ramp-250000",
  "lag_first": 517,
  "lag_intercept": 155.14,
  "lag_last": 0,
  "lag_max": 599,
  "lag_slope_eps": -2.18,
  "late_dropped_total": 18223,
  "offered_rate_eps": 250000,
  "propose_rtt_p99_ms": 15.9,
  "published_events": 22548902,
  "published_rate_eps": 249951.58,
  "quantile_note": "Prometheus histogram_quantile over the window: linear interpolation inside exponential buckets (0.25 ms x 2^k), so values are bucket-resolution estimates.",
  "raft_commit_p50_ms": 6.4,
  "raft_commit_p99_ms": 15.52,
  "raft_persist_p99_ms": 7.48,
  "raft_proposals_committed": 6.352941176470589,
  "source": "synthetic",
  "started": "2026-10-05T06:48:02Z",
  "sustained": true,
  "window_s": 90.21
}
