{
  "batches_applied": 6.352941176470589,
  "consumed_rate_eps": 398874.46,
  "cpu_cores_by_container": {
    "sf-bench-replayer": 0.43,
    "streamforge-kafka-1": 0.38,
    "streamforge-postgres-1": 0,
    "streamforge-prometheus-1": 0,
    "streamforge-redis-1": 0,
    "streamforge-server-1": 0,
    "streamforge-storenode1-1": 0.01,
    "streamforge-storenode2-1": 0.01,
    "streamforge-storenode3-1": 0.01,
    "streamforge-storenode4-1": 0.01,
    "streamforge-storenode5-1": 0.03,
    "streamforge-tools-run-d0cdd86c7729": 0,
    "streamforge-worker1-1": 0.2,
    "streamforge-worker2-1": 0.22
  },
  "cpu_cores_total": 1.32,
  "feature_rows_committed": 278.47058823529414,
  "freshness_p50_ms": 32.54,
  "freshness_p99_ms": 64.77,
  "host_cpus": 2,
  "label": "ingest-ramp-400000",
  "lag_first": 266,
  "lag_intercept": 175.15,
  "lag_last": 0,
  "lag_max": 894,
  "lag_slope_eps": -2.59,
  "late_dropped_total": 29739,
  "offered_rate_eps": 400000,
  "propose_rtt_p99_ms": 8.1,
  "published_events": 36093467,
  "published_rate_eps": 399937.88,
  "quantile_note": "Prometheus histogram_quantile over the window: linear interpolation inside exponential buckets (0.25 ms x 2^k), so values are bucket-resolution estimates.",
  "raft_commit_p50_ms": 5.6,
  "raft_commit_p99_ms": 7.95,
  "raft_persist_p99_ms": 6.8,
  "raft_proposals_committed": 6.352941176470589,
  "source": "synthetic",
  "started": "2026-10-05T06:51:45Z",
  "sustained": true,
  "window_s": 90.25
}
