{
  "batches_applied": 12672,
  "consumed_rate_eps": 14961.74,
  "cpu_cores_by_container": {
    "sf-bench-replayer": 0.08,
    "streamforge-kafka-1": 0.16,
    "streamforge-postgres-1": 0.73,
    "streamforge-prometheus-1": 0,
    "streamforge-redis-1": 0.01,
    "streamforge-server-1": 0,
    "streamforge-storenode1-1": 0.11,
    "streamforge-storenode2-1": 0.26,
    "streamforge-storenode3-1": 0.1,
    "streamforge-storenode4-1": 0.11,
    "streamforge-storenode5-1": 0.1,
    "streamforge-tools-run-af40e51ffb4b": 0,
    "streamforge-worker1-1": 0.12,
    "streamforge-worker2-1": 0.15
  },
  "cpu_cores_total": 1.92,
  "feature_rows_committed": 2500816.2352941176,
  "freshness_p50_ms": 42.01,
  "freshness_p99_ms": 418.84,
  "host_cpus": 2,
  "label": "tlc-compressed-15000",
  "lag_first": 38,
  "lag_intercept": 12.03,
  "lag_last": 0,
  "lag_max": 38,
  "lag_slope_eps": -0.15,
  "late_dropped_total": 1297,
  "offered_rate_eps": 15000,
  "propose_rtt_p99_ms": 31.59,
  "published_events": 1353922,
  "published_rate_eps": 15000.46,
  "quantile_note": "Prometheus histogram_quantile over the window: linear interpolation inside exponential buckets (0.25 ms x 2^k), so values are bucket-resolution estimates.",
  "raft_commit_p50_ms": 4,
  "raft_commit_p99_ms": 24.19,
  "raft_persist_p99_ms": 10,
  "raft_proposals_committed": 12799.058823529413,
  "source": "tlc",
  "started": "2026-10-05T07:13:32Z",
  "sustained": true,
  "window_s": 90.26
}
