{
  "batches_applied": 60.50420168067227,
  "consumed_rate_eps": 249703.72,
  "cpu_cores_by_container": {
    "sf-bench-replayer": 0.34,
    "streamforge-kafka-1": 0.32,
    "streamforge-postgres-1": 0,
    "streamforge-prometheus-1": 0,
    "streamforge-redis-1": 0,
    "streamforge-server-1": 0,
    "streamforge-storenode1-1": 0.02,
    "streamforge-storenode2-1": 0.03,
    "streamforge-storenode3-1": 0.02,
    "streamforge-storenode4-1": 0.01,
    "streamforge-storenode5-1": 0.02,
    "streamforge-tools-run-e850447ea11f": 0,
    "streamforge-worker1-1": 0.17,
    "streamforge-worker2-1": 0.14
  },
  "cpu_cores_total": 1.05,
  "feature_rows_committed": 2652.1008403361343,
  "freshness_p50_ms": 34.08,
  "freshness_p99_ms": 63.4,
  "host_cpus": 2,
  "label": "ingest-final-250000",
  "lag_first": 0,
  "lag_intercept": 101.23,
  "lag_last": 0,
  "lag_max": 909,
  "lag_slope_eps": -0.16,
  "late_dropped_total": 106930,
  "offered_rate_eps": 250000,
  "propose_rtt_p99_ms": 30.4,
  "published_events": 150176261,
  "published_rate_eps": 249996.12,
  "quantile_note": "Prometheus histogram_quantile over the window: linear interpolation inside exponential buckets (0.25 ms x 2^k), so values are bucket-resolution estimates.",
  "raft_commit_p50_ms": 6.3,
  "raft_commit_p99_ms": 15.7,
  "raft_persist_p99_ms": 6.91,
  "raft_proposals_committed": 60.50420168067227,
  "source": "synthetic",
  "started": "2026-10-05T06:55:49Z",
  "sustained": true,
  "window_s": 600.71
}
